09:41:52 **** Incremental Build of configuration Debug for project masb-pot-s-gg-firmware ****
make -j3 all 
arm-none-eabi-gcc "../Core/Src/components/cyclic_voltammetry.c" -mcpu=cortex-m4 -std=gnu11 -g3 -DUSE_HAL_DRIVER -DSTM32F401xE -DDEBUG -c -I../Core/Inc -I../Drivers/STM32F4xx_HAL_Driver/Inc -I../Drivers/STM32F4xx_HAL_Driver/Inc/Legacy -I../Drivers/CMSIS/Device/ST/STM32F4xx/Include -I../Drivers/CMSIS/Include -O0 -ffunction-sections -fdata-sections -Wall -fstack-usage -MMD -MP -MF"Core/Src/components/cyclic_voltammetry.d" -MT"Core/Src/components/cyclic_voltammetry.o" --specs=nano.specs -mfpu=fpv4-sp-d16 -mfloat-abi=hard -mthumb -o "Core/Src/components/cyclic_voltammetry.o"
../Core/Src/components/cyclic_voltammetry.c:28:1: warning: return type defaults to 'int' [-Wimplicit-int]
 HAL_TIM_PeriodElapsedCallback(TIM_HandleTypeDef *htim) {
 ^~~~~~~~~~~~~~~~~~~~~~~~~~~~~
../Core/Src/components/cyclic_voltammetry.c:28:1: warning: conflicting types for 'HAL_TIM_PeriodElapsedCallback'
In file included from ../Core/Src/components/cyclic_voltammetry.c:10:0:
../Core/Inc/components/cyclic_voltammetry.h:30:6: note: previous declaration of 'HAL_TIM_PeriodElapsedCallback' was here
 void HAL_TIM_PeriodElapsedCallback(TIM_HandleTypeDef *htim3);
      ^~~~~~~~~~~~~~~~~~~~~~~~~~~~~
arm-none-eabi-gcc -o "masb-pot-s-gg-firmware.elf" @"objects.list"   -mcpu=cortex-m4 -T"/Users/macbook/Desktop/va/masb-pot-s-gg/masb-pot-s-gg-firmware/STM32F401RETX_FLASH.ld" --specs=nosys.specs -Wl,-Map="masb-pot-s-gg-firmware.map" -Wl,--gc-sections -static --specs=nano.specs -mfpu=fpv4-sp-d16 -mfloat-abi=hard -mthumb -Wl,--start-group -lc -lm -Wl,--end-group
Finished building target: masb-pot-s-gg-firmware.elf
 
arm-none-eabi-size   masb-pot-s-gg-firmware.elf 
arm-none-eabi-objdump -h -S  masb-pot-s-gg-firmware.elf  > "masb-pot-s-gg-firmware.list"
arm-none-eabi-objcopy  -O binary  masb-pot-s-gg-firmware.elf  "masb-pot-s-gg-firmware.bin"
   text	   data	    bss	    dec	    hex	filename
  21432	     20	   2004	  23456	   5ba0	masb-pot-s-gg-firmware.elf
Finished building: default.size.stdout
 
Finished building: masb-pot-s-gg-firmware.bin
 
Finished building: masb-pot-s-gg-firmware.list
 

09:41:52 Build Finished. 0 errors, 2 warnings. (took 637ms)

